set plv8.start_proc = startup;
do $$ plv8.elog(NOTICE, 'foo = ' + foo) $$ language plv8;
NOTICE:  foo = 14378
update    plv8_modules set code = 'foo=98765;' where modname = 'startup';
-- startup code should not be reloaded
do $$ plv8.elog(NOTICE, 'foo = ' + foo) $$ language plv8;
NOTICE:  foo = 14378
do $$ load_module('testme'); plv8.elog (NOTICE,'bar = ' + bar);$$ language plv8;
NOTICE:  loaded module: testme
NOTICE:  bar = 98765
CREATE ROLE someone_else;
SET ROLE to someone_else;
reset plv8.start_proc;
-- should fail because of a reference error
do $$ plv8.elog(NOTICE, 'foo = ' + foo) $$ language plv8;
ERROR:  ReferenceError: foo is not defined
DETAIL:  undefined() LINE 1:  plv8.elog(NOTICE, 'foo = ' + foo) 
RESET ROLE;
DROP ROLE someone_else;
